// Jest Snapshot v1, https://goo.gl/fbAQLP

exports[`RadioButton default render 1`] = `
<View
  style={
    {
      "flex": 1,
    }
  }
>
  <View
    accessible={true}
    collapsable={false}
    focusable={true}
    onClick={[Function]}
    onResponderGrant={[Function]}
    onResponderMove={[Function]}
    onResponderRelease={[Function]}
    onResponderTerminate={[Function]}
    onResponderTerminationRequest={[Function]}
    onStartShouldSetResponder={[Function]}
    style={
      {
        "alignItems": "center",
        "backgroundColor": "#EFF0F3",
        "borderColor": "#C9D5EF",
        "borderRadius": 10,
        "borderWidth": 1,
        "height": 20,
        "justifyContent": "center",
        "opacity": 1,
        "width": 20,
      }
    }
  />
</View>
`;
