// Jest Snapshot v1, https://goo.gl/fbAQLP

exports[`Text Input default render 1`] = `
<View
  style={
    {
      "flex": 1,
    }
  }
>
  <View
    style={
      [
        undefined,
      ]
    }
    testID="inputContainer"
  >
    <View
      style={
        [
          {
            "borderRadius": 5,
            "borderWidth": 1,
            "height": 42,
            "maxHeight": 42,
          },
          {
            "borderColor": undefined,
          },
          undefined,
          {
            "backgroundColor": "#FFFFFF",
          },
        ]
      }
      testID="inputInnerContainer"
    >
      <View
        style={
          {
            "flex": 1,
            "flexDirection": "row",
            "height": 42,
            "paddingHorizontal": 12,
          }
        }
        testID="inputInside"
      >
        <View
          style={
            {
              "flex": 1,
              "flexDirection": "row",
            }
          }
        >
          <TextInput
            editable={true}
            onChangeText={[Function]}
            onEndEditing={[Function]}
            onFocus={[Function]}
            style={
              [
                {
                  "flexDirection": "row",
                  "flexGrow": 1,
                  "fontFamily": "Poppins-Regular",
                  "fontSize": 12,
                  "lineHeight": 18,
                  "marginTop": 8,
                },
                undefined,
                {
                  "backgroundColor": "#FFFFFF",
                  "color": "#1F1F1F",
                },
              ]
            }
            testID="input"
          />
          <View
            style={
              [
                {
                  "position": "absolute",
                  "zIndex": 101,
                },
                undefined,
              ]
            }
            testID="labelContainer"
          >
            <View
              accessible={true}
              collapsable={false}
              focusable={true}
              onClick={[Function]}
              onLayout={[Function]}
              onResponderGrant={[Function]}
              onResponderMove={[Function]}
              onResponderRelease={[Function]}
              onResponderTerminate={[Function]}
              onResponderTerminationRequest={[Function]}
              onStartShouldSetResponder={[Function]}
              style={
                {
                  "opacity": 1,
                }
              }
            >
              <Text
                style={
                  [
                    {
                      "fontFamily": "Poppins-Regular",
                    },
                    undefined,
                    {
                      "color": undefined,
                      "fontSize": undefined,
                      "left": undefined,
                      "lineHeight": undefined,
                      "top": undefined,
                    },
                    {
                      "color": "#404040",
                    },
                  ]
                }
                testID="inputLabel"
              >
                Label
              </Text>
            </View>
          </View>
        </View>
      </View>
    </View>
    <View
      style={
        [
          {
            "flexDirection": "row",
            "justifyContent": "space-between",
            "paddingHorizontal": 5,
          },
          {
            "alignSelf": "stretch",
            "display": "none",
            "flexDirection": "row",
          },
        ]
      }
    >
      <Text
        style={
          [
            {
              "fontFamily": "Poppins-Regular",
              "fontSize": 10,
              "lineHeight": 14,
            },
            undefined,
            {
              "color": "#404040",
            },
          ]
        }
        testID="inputBottomLabel"
      />
    </View>
  </View>
</View>
`;
